// Jest Snapshot v1, https://goo.gl/fbAQLP

exports[`actions should create a remove config action 1`] = `
Object {
  "config": Object {},
  "type": "REMOVE_CONFIG",
}
`;

exports[`actions should create a set config action 1`] = `
Object {
  "config": Object {
    "appname": "drugcases.qvf",
    "host": "localhost",
    "port": 9076,
  },
  "type": "SET_CONFIG",
}
`;
